// Vitest Snapshot v1, https://vitest.dev/guide/snapshot.html

exports[`App > output > snapshot 1`] = `
<main>
  <Sidebar />
  <div
    className="main-content"
  >
    <Navbar
      activePage="test-page"
    />
    <Routes>
      <Route
        element={
          <PageArticle
            activePage="about"
          />
        }
        path="/"
      />
      <Route
        element={
          <PageArticle
            activePage="about"
          />
        }
        path="/about"
      />
      <Route
        element={
          <PageArticle
            activePage="resume"
          />
        }
        path="/resume"
      />
      <Route
        element={
          <PageArticle
            activePage="portfolio"
          />
        }
        path="/portfolio"
      />
      <Route
        element={
          <PageArticle
            activePage="contact"
          />
        }
        path="/contact"
      />
      <Route
        element={
          <PageArticle
            activePage="demo"
          />
        }
        path="/demo"
      />
      <Route
        element={
          <PageArticle
            activePage="blog"
          />
        }
        path="/blog"
      />
      <Route
        element={
          <PageArticle
            activePage="api"
          />
        }
        path="/api"
      />
    </Routes>
  </div>
</main>
`;
