// Vitest Snapshot v1, https://vitest.dev/guide/snapshot.html

exports[`ProjetFilters component > snapshot 1`] = `
<div>
  <ul
    className="filter-list"
  >
    <FilterButton
      filter="All"
      handleFilterChange={[MockFunction props.handleCategoryChange]}
      isActive={true}
    />
    <FilterButton
      filter="Public Packages"
      handleFilterChange={[MockFunction props.handleCategoryChange]}
      isActive={false}
    />
    <FilterButton
      filter="Open Source Contributions"
      handleFilterChange={[MockFunction props.handleCategoryChange]}
      isActive={false}
    />
  </ul>
  <div
    className="filter-select-box"
  >
    <Select
      handleChange={[MockFunction props.handleFilterChange]}
      label="Select category"
      options={
        [
          {
            "label": "All",
            "value": "All",
          },
          {
            "label": "Public Packages",
            "value": "Public Packages",
          },
          {
            "label": "Open Source Contributions",
            "value": "Open Source Contributions",
          },
        ]
      }
      value="All"
    />
  </div>
</div>
`;
